// Jest Snapshot v1, https://goo.gl/fbAQLP

exports[`predicate snapshot 1`] = `
Object {
  "api": Object {
    "predicate.op.postfix": Object {
      "predicate.op.postfix.*": Object {
        "arg": 3,
        "tidx": 0,
        "type": "tag",
      },
      "predicate.op.postfix.+": Object {
        "arg": 3,
        "tidx": 1,
        "type": "tag",
      },
      "predicate.op.postfix.=": Object {
        "arg": 1,
        "tidx": 1,
        "type": "tag",
      },
      "predicate.op.postfix.op": Object {
        "arg": 2,
        "tidx": 1,
        "type": "tag",
      },
    },
  },
  "ast": Array [
    Object {
      "intentions": Array [
        Object {
          "intent": "is",
          "selector": Array [
            Object {
              "message": null,
              "token": Object {
                "ident": "selector",
                "quantifier": null,
                "rule": "token",
                "type": "tag",
              },
            },
          ],
        },
        Object {
          "intent": "block",
          "selector": Array [
            Object {
              "intentions": Array [],
              "selectors": Array [
                Object {
                  "rule": true,
                  "token": Object {
                    "grammar": Object {
                      "rule": "arg",
                      "tokens": Array [
                        "tag",
                      ],
                    },
                    "ident": "arg",
                    "type": "grammar",
                  },
                },
              ],
            },
            Object {
              "intentions": Array [
                Object {
                  "intent": "block",
                  "selector": Array [
                    Object {
                      "intentions": Array [
                        Object {
                          "intent": "is",
                          "selector": Array [
                            Object {
                              "message": null,
                              "token": Object {
                                "ident": 2,
                                "quantifier": null,
                                "rule": "token",
                                "type": "literal",
                              },
                            },
                          ],
                        },
                      ],
                      "selectors": Array [
                        Object {
                          "message": null,
                          "token": Object {
                            "ident": "prec",
                            "quantifier": null,
                            "rule": "token",
                            "type": "tag",
                          },
                        },
                      ],
                    },
                    Object {
                      "intentions": Array [],
                      "selectors": Array [
                        Object {
                          "message": null,
                          "token": Object {
                            "ident": "if",
                            "quantifier": null,
                            "rule": "token",
                            "type": "tag",
                          },
                        },
                      ],
                    },
                    Object {
                      "intentions": Array [
                        Object {
                          "intent": "is",
                          "selector": Array [
                            Object {
                              "message": null,
                              "token": Object {
                                "ident": 1,
                                "quantifier": null,
                                "rule": "token",
                                "type": "literal",
                              },
                            },
                          ],
                        },
                      ],
                      "selectors": Array [
                        Object {
                          "message": Object {
                            "selector": Array [
                              Object {
                                "message": null,
                                "token": Object {
                                  "ident": "=",
                                  "quantifier": null,
                                  "rule": "token",
                                  "type": "tag",
                                },
                              },
                              Object {
                                "message": null,
                                "token": Object {
                                  "ident": "op",
                                  "quantifier": null,
                                  "rule": "token",
                                  "type": "tag",
                                },
                              },
                              Object {
                                "message": null,
                                "token": Object {
                                  "ident": "*",
                                  "quantifier": null,
                                  "rule": "token",
                                  "type": "tag",
                                },
                              },
                            ],
                          },
                          "token": Object {
                            "ident": "postfix",
                            "quantifier": null,
                            "rule": "token",
                            "type": "tag",
                          },
                        },
                      ],
                    },
                    Object {
                      "intentions": Array [],
                      "selectors": Array [
                        Object {
                          "message": null,
                          "token": Object {
                            "ident": "if",
                            "quantifier": null,
                            "rule": "token",
                            "type": "tag",
                          },
                        },
                      ],
                    },
                    Object {
                      "intentions": Array [],
                      "selectors": Array [
                        Object {
                          "message": Object {
                            "selector": Array [
                              Object {
                                "message": null,
                                "token": Object {
                                  "ident": "=",
                                  "quantifier": null,
                                  "rule": "token",
                                  "type": "tag",
                                },
                              },
                              Object {
                                "message": null,
                                "token": Object {
                                  "ident": "op",
                                  "quantifier": null,
                                  "rule": "token",
                                  "type": "tag",
                                },
                              },
                              Object {
                                "message": null,
                                "token": Object {
                                  "ident": "+",
                                  "quantifier": null,
                                  "rule": "token",
                                  "type": "tag",
                                },
                              },
                            ],
                          },
                          "token": Object {
                            "ident": "postfix",
                            "quantifier": null,
                            "rule": "token",
                            "type": "tag",
                          },
                        },
                      ],
                    },
                  ],
                },
              ],
              "selectors": Array [
                Object {
                  "rule": true,
                  "token": Object {
                    "grammar": Object {
                      "rule": "op",
                      "tokens": Array [
                        "'*'",
                        "/",
                        "'/'",
                        "/",
                        "'+'",
                        "/",
                        "'-'",
                      ],
                    },
                    "ident": "op",
                    "type": "grammar",
                  },
                },
              ],
            },
            Object {
              "intentions": Array [
                Object {
                  "intent": "is",
                  "selector": Array [
                    Object {
                      "message": null,
                      "token": Object {
                        "ident": "op",
                        "quantifier": null,
                        "rule": "token",
                        "type": "tag",
                      },
                    },
                  ],
                },
                Object {
                  "intent": "is",
                  "selector": Array [
                    Object {
                      "message": null,
                      "token": Object {
                        "ident": "predicate.op",
                        "quantifier": null,
                        "rule": "token",
                        "type": "tag",
                      },
                    },
                  ],
                },
                Object {
                  "intent": "after",
                  "selector": Array [
                    Object {
                      "message": Object {
                        "selector": Array [
                          Object {
                            "message": null,
                            "token": Object {
                              "ident": "=",
                              "quantifier": null,
                              "rule": "token",
                              "type": "tag",
                            },
                          },
                          Object {
                            "message": null,
                            "token": Object {
                              "ident": "push",
                              "quantifier": null,
                              "rule": "token",
                              "type": "tag",
                            },
                          },
                          Object {
                            "message": null,
                            "token": Object {
                              "ident": "true",
                              "quantifier": null,
                              "rule": "token",
                              "type": "tag",
                            },
                          },
                        ],
                      },
                      "token": Object {
                        "ident": "postfix",
                        "quantifier": null,
                        "rule": "token",
                        "type": "tag",
                      },
                    },
                  ],
                },
              ],
              "selectors": Array [
                Object {
                  "message": null,
                  "token": Object {
                    "ident": "opstack",
                    "quantifier": "*",
                    "rule": "token",
                    "type": "tag",
                  },
                },
              ],
            },
            Object {
              "intentions": Array [
                Object {
                  "intent": "is",
                  "selector": Array [
                    Object {
                      "message": null,
                      "token": Object {
                        "ident": "arg",
                        "quantifier": null,
                        "rule": "token",
                        "type": "tag",
                      },
                    },
                  ],
                },
                Object {
                  "intent": "is",
                  "selector": Array [
                    Object {
                      "message": Object {
                        "selector": Array [
                          Object {
                            "token": Object {
                              "type": Symbol(empty),
                            },
                          },
                        ],
                      },
                      "token": Object {
                        "ident": "opstack.pop",
                        "quantifier": null,
                        "rule": "token",
                        "type": "tag",
                      },
                    },
                  ],
                },
                Object {
                  "intent": "after",
                  "selector": Array [
                    Object {
                      "message": Object {
                        "selector": Array [
                          Object {
                            "message": null,
                            "token": Object {
                              "ident": "=",
                              "quantifier": null,
                              "rule": "token",
                              "type": "tag",
                            },
                          },
                          Object {
                            "message": null,
                            "token": Object {
                              "ident": "push",
                              "quantifier": null,
                              "rule": "token",
                              "type": "tag",
                            },
                          },
                          Object {
                            "message": null,
                            "token": Object {
                              "ident": "false",
                              "quantifier": null,
                              "rule": "token",
                              "type": "tag",
                            },
                          },
                          Object {
                            "message": null,
                            "token": Object {
                              "ident": "&&",
                              "quantifier": null,
                              "rule": "token",
                              "type": "tag",
                            },
                          },
                          Object {
                            "message": null,
                            "token": Object {
                              "ident": "opstack.pop",
                              "quantifier": null,
                              "rule": "token",
                              "type": "tag",
                            },
                          },
                          Object {
                            "message": null,
                            "token": Object {
                              "ident": "call",
                              "quantifier": null,
                              "rule": "token",
                              "type": "tag",
                            },
                          },
                        ],
                      },
                      "token": Object {
                        "ident": "postfix",
                        "quantifier": null,
                        "rule": "token",
                        "type": "tag",
                      },
                    },
                  ],
                },
              ],
              "selectors": Array [
                Object {
                  "message": null,
                  "token": Object {
                    "ident": "parts",
                    "quantifier": "+",
                    "rule": "token",
                    "type": "tag",
                  },
                },
              ],
            },
            Object {
              "intentions": Array [
                Object {
                  "intent": "is",
                  "selector": Array [
                    Object {
                      "message": Object {
                        "selector": Array [
                          Object {
                            "message": null,
                            "token": Object {
                              "ident": ">",
                              "quantifier": null,
                              "rule": "token",
                              "type": "tag",
                            },
                          },
                          Object {
                            "message": null,
                            "token": Object {
                              "ident": "selector.op.prec",
                              "quantifier": "?",
                              "rule": "token",
                              "type": "tag",
                            },
                          },
                          Object {
                            "message": null,
                            "token": Object {
                              "ident": "opstack.top.prec",
                              "quantifier": null,
                              "rule": "token",
                              "type": "tag",
                            },
                          },
                        ],
                      },
                      "token": Object {
                        "ident": "postfix",
                        "quantifier": null,
                        "rule": "token",
                        "type": "tag",
                      },
                    },
                  ],
                },
              ],
              "selectors": Array [
                Object {
                  "message": null,
                  "token": Object {
                    "ident": "push",
                    "quantifier": null,
                    "rule": "token",
                    "type": "tag",
                  },
                },
              ],
            },
            Object {
              "intentions": Array [
                Object {
                  "intent": "is",
                  "selector": Array [
                    Object {
                      "message": Object {
                        "selector": Array [
                          Object {
                            "message": null,
                            "token": Object {
                              "ident": "parts",
                              "quantifier": "*",
                              "rule": "token",
                              "type": "tag",
                            },
                          },
                          Object {
                            "message": null,
                            "token": Object {
                              "ident": "selector.parts",
                              "quantifier": "*",
                              "rule": "token",
                              "type": "tag",
                            },
                          },
                        ],
                      },
                      "token": Object {
                        "ident": "postfix",
                        "quantifier": null,
                        "rule": "token",
                        "type": "tag",
                      },
                    },
                  ],
                },
              ],
              "selectors": Array [
                Object {
                  "message": null,
                  "token": Object {
                    "ident": "predicate",
                    "quantifier": null,
                    "rule": "token",
                    "type": "tag",
                  },
                },
              ],
            },
          ],
        },
      ],
      "selectors": Array [
        Object {
          "rule": true,
          "token": Object {
            "grammar": Object {
              "rule": "predicate",
              "tokens": Array [
                "arg",
                "(",
                "op",
                "tag",
                ")",
                "?",
              ],
            },
            "ident": "predicate",
            "type": "grammar",
          },
        },
      ],
    },
  ],
  "exports": Array [],
  "instructions": Object {
    "&&": Object {
      "immediate": Array [],
      "temporal": Object {},
    },
    "=": Object {
      "immediate": Array [],
      "temporal": Object {},
    },
    ">": Object {
      "immediate": Array [],
      "temporal": Object {},
    },
    "arg": Object {
      "immediate": Array [],
      "temporal": Object {},
    },
    "call": Object {
      "immediate": Array [],
      "temporal": Object {},
    },
    "false": Object {
      "immediate": Array [],
      "temporal": Object {},
    },
    "opstack.pop": Object {
      "immediate": Array [],
      "temporal": Object {},
    },
    "opstack.top.prec": Object {
      "immediate": Array [],
      "temporal": Object {},
    },
    "predicate": Object {
      "immediate": Array [],
      "temporal": Object {},
    },
    "predicate.op": Object {
      "immediate": Array [],
      "temporal": Object {},
    },
    "predicate.op.if": Object {
      "immediate": Array [],
      "temporal": Object {},
    },
    "predicate.op.postfix": Object {
      "immediate": Array [],
      "temporal": Object {
        "0": Array [
          Object {
            "op": "apply-literal",
            "selector": 1,
          },
        ],
      },
    },
    "predicate.op.prec": Object {
      "immediate": Array [
        Object {
          "op": "apply-literal",
          "selector": 2,
        },
      ],
      "temporal": Object {},
    },
    "predicate.opstack": Object {
      "immediate": Array [],
      "temporal": Object {
        "1": Array [
          Object {
            "op": "apply-literal",
            "quantifier": "*",
            "selector": "predicate.op",
          },
        ],
        "2": Array [
          Object {
            "op": "push-literal",
            "selector": "=",
          },
          Object {
            "op": "push-value",
            "selector": "predicate.push",
          },
          Object {
            "op": "push-literal",
            "selector": "true",
          },
          Object {
            "argCount": 3,
            "op": "call-bind",
            "selector": "postfix",
            "temporalIdx": 0,
          },
          Object {
            "op": "skip-if-false",
          },
          Object {
            "op": "call-temporal",
            "selector": "predicate.opstack",
            "temporalIdx": 1,
          },
        ],
      },
    },
    "predicate.parts": Object {
      "immediate": Array [
        Object {
          "op": "apply-literal",
          "quantifier": "+",
          "selector": "arg",
        },
      ],
      "temporal": Object {
        "1": Array [
          Object {
            "argCount": 0,
            "op": "call",
            "selector": "opstack.pop",
            "temporalIdx": 0,
          },
          Object {
            "op": "pop-value",
            "quantifier": "+",
          },
        ],
        "2": Array [
          Object {
            "op": "push-literal",
            "selector": "=",
          },
          Object {
            "op": "push-value",
            "selector": "predicate.push",
          },
          Object {
            "op": "push-literal",
            "selector": "false",
          },
          Object {
            "op": "push-literal",
            "selector": "&&",
          },
          Object {
            "op": "push-literal",
            "selector": "opstack.pop",
          },
          Object {
            "op": "push-literal",
            "selector": "call",
          },
          Object {
            "argCount": 6,
            "op": "call-bind",
            "selector": "postfix",
            "temporalIdx": 0,
          },
          Object {
            "op": "skip-if-false",
          },
          Object {
            "op": "call-temporal",
            "selector": "predicate.parts",
            "temporalIdx": 1,
          },
        ],
      },
    },
    "predicate.predicate": Object {
      "immediate": Array [
        Object {
          "op": "push-value",
          "selector": "predicate.parts",
        },
        Object {
          "op": "push-literal",
          "selector": "selector.parts",
        },
        Object {
          "argCount": 2,
          "op": "call-bind",
          "selector": "postfix",
          "temporalIdx": 0,
        },
        Object {
          "op": "pop-value",
        },
      ],
      "temporal": Object {},
    },
    "predicate.push": Object {
      "immediate": Array [
        Object {
          "op": "push-literal",
          "selector": ">",
        },
        Object {
          "op": "push-literal",
          "selector": "selector.op.prec",
        },
        Object {
          "op": "push-literal",
          "selector": "opstack.top.prec",
        },
        Object {
          "argCount": 3,
          "op": "call-bind",
          "selector": "postfix",
          "temporalIdx": 0,
        },
        Object {
          "op": "pop-value",
        },
        Object {
          "op": "call-temporal",
          "selector": "predicate.push",
          "temporalIdx": "after",
        },
      ],
      "temporal": Object {
        "after": Array [
          Object {
            "op": "call-temporal",
            "selector": "predicate.opstack",
            "temporalIdx": 2,
          },
          Object {
            "op": "call-temporal",
            "selector": "predicate.parts",
            "temporalIdx": 2,
          },
        ],
      },
    },
    "selector.op.prec": Object {
      "immediate": Array [],
      "temporal": Object {},
    },
    "selector.parts": Object {
      "immediate": Array [],
      "temporal": Object {},
    },
    "true": Object {
      "immediate": Array [],
      "temporal": Object {},
    },
  },
  "selectors": Object {
    "predicate": Object {
      "aliasMap": Object {},
      "id": "predicate",
      "ident": "predicate",
      "parentId": "",
      "quantifierMap": Object {},
      "selected": Array [
        Object {
          "grammar": Object {
            "rule": "predicate",
            "tokens": Array [
              "arg",
              "(",
              "op",
              "tag",
              ")",
              "?",
            ],
          },
          "intentions": Array [
            Object {
              "intent": "is",
              "selector": Array [
                Object {
                  "ident": "selector",
                  "message": null,
                  "type": "tag",
                },
              ],
            },
            Object {
              "intent": "block",
              "selector": Array [
                "predicate.arg",
                "predicate.op",
                "predicate.opstack",
                "predicate.parts",
                "predicate.push",
                "predicate.predicate",
              ],
            },
          ],
        },
      ],
      "type": "grammar",
    },
    "predicate.arg": Object {
      "aliasMap": Object {},
      "id": "predicate.arg",
      "ident": "arg",
      "parentId": "predicate",
      "quantifierMap": Object {},
      "selected": Array [
        Object {
          "grammar": Object {
            "rule": "arg",
            "tokens": Array [
              "tag",
            ],
          },
          "intentions": Array [],
        },
      ],
      "type": "grammar",
    },
    "predicate.op": Object {
      "aliasMap": Object {},
      "id": "predicate.op",
      "ident": "op",
      "parentId": "predicate",
      "quantifierMap": Object {},
      "selected": Array [
        Object {
          "grammar": Object {
            "rule": "op",
            "tokens": Array [
              "'*'",
              "/",
              "'/'",
              "/",
              "'+'",
              "/",
              "'-'",
            ],
          },
          "intentions": Array [
            Object {
              "intent": "block",
              "selector": Array [
                "predicate.op.prec",
                "predicate.op.if",
                "predicate.op.postfix",
                "predicate.op.if",
                "predicate.op.postfix",
              ],
            },
          ],
        },
      ],
      "type": "grammar",
    },
    "predicate.op.if": Object {
      "aliasMap": Object {},
      "id": "predicate.op.if",
      "ident": "if",
      "parentId": "predicate.op",
      "quantifierMap": Object {},
      "selected": Array [
        Object {
          "intentions": Array [],
        },
        Object {
          "intentions": Array [],
        },
      ],
      "type": "tag",
    },
    "predicate.op.postfix": Object {
      "aliasMap": Object {},
      "id": "predicate.op.postfix",
      "ident": "postfix",
      "parentId": "predicate.op",
      "quantifierMap": Object {},
      "selected": Array [
        Object {
          "intentions": Array [
            Object {
              "intent": "is",
              "selector": Array [
                Object {
                  "ident": 1,
                  "message": null,
                  "type": "literal",
                },
              ],
            },
          ],
          "temporal": true,
        },
        Object {
          "intentions": Array [],
          "temporal": true,
        },
      ],
      "type": "tag",
    },
    "predicate.op.prec": Object {
      "aliasMap": Object {},
      "id": "predicate.op.prec",
      "ident": "prec",
      "parentId": "predicate.op",
      "quantifierMap": Object {},
      "selected": Array [
        Object {
          "intentions": Array [
            Object {
              "intent": "is",
              "selector": Array [
                Object {
                  "ident": 2,
                  "message": null,
                  "type": "literal",
                },
              ],
            },
          ],
        },
      ],
      "type": "tag",
    },
    "predicate.opstack": Object {
      "aliasMap": Object {},
      "id": "predicate.opstack",
      "ident": "opstack",
      "parentId": "predicate",
      "quantifier": "*",
      "quantifierMap": Object {
        "predicate.opstack": "*",
      },
      "selected": Array [
        Object {
          "intentions": Array [
            Object {
              "intent": "is",
              "selector": Array [
                Object {
                  "ident": "op",
                  "message": null,
                  "type": "tag",
                },
              ],
            },
            Object {
              "intent": "is",
              "selector": Array [
                Object {
                  "ident": "predicate.op",
                  "message": null,
                  "type": "tag",
                },
              ],
            },
            Object {
              "intent": "after",
              "selector": Array [
                Object {
                  "ident": "postfix",
                  "message": Array [
                    Object {
                      "ident": "=",
                      "message": null,
                      "type": "tag",
                    },
                    Object {
                      "ident": "push",
                      "message": null,
                      "type": "tag",
                    },
                    Object {
                      "ident": "true",
                      "message": null,
                      "type": "tag",
                    },
                  ],
                  "type": "tag",
                },
              ],
            },
          ],
        },
      ],
      "type": "tag",
    },
    "predicate.parts": Object {
      "aliasMap": Object {},
      "id": "predicate.parts",
      "ident": "parts",
      "parentId": "predicate",
      "quantifier": "+",
      "quantifierMap": Object {
        "predicate.parts": "+",
      },
      "selected": Array [
        Object {
          "intentions": Array [
            Object {
              "intent": "is",
              "selector": Array [
                Object {
                  "ident": "arg",
                  "message": null,
                  "type": "tag",
                },
              ],
            },
            Object {
              "intent": "is",
              "selector": Array [
                Object {
                  "ident": "opstack.pop",
                  "message": Array [],
                  "type": "tag",
                },
              ],
            },
            Object {
              "intent": "after",
              "selector": Array [
                Object {
                  "ident": "postfix",
                  "message": Array [
                    Object {
                      "ident": "=",
                      "message": null,
                      "type": "tag",
                    },
                    Object {
                      "ident": "push",
                      "message": null,
                      "type": "tag",
                    },
                    Object {
                      "ident": "false",
                      "message": null,
                      "type": "tag",
                    },
                    Object {
                      "ident": "&&",
                      "message": null,
                      "type": "tag",
                    },
                    Object {
                      "ident": "opstack.pop",
                      "message": null,
                      "type": "tag",
                    },
                    Object {
                      "ident": "call",
                      "message": null,
                      "type": "tag",
                    },
                  ],
                  "type": "tag",
                },
              ],
            },
          ],
        },
      ],
      "type": "tag",
    },
    "predicate.predicate": Object {
      "aliasMap": Object {},
      "id": "predicate.predicate",
      "ident": "predicate",
      "parentId": "predicate",
      "quantifierMap": Object {},
      "selected": Array [
        Object {
          "intentions": Array [
            Object {
              "intent": "is",
              "selector": Array [
                Object {
                  "ident": "postfix",
                  "message": Array [
                    Object {
                      "ident": "parts",
                      "message": null,
                      "quantifier": "*",
                      "type": "tag",
                    },
                    Object {
                      "ident": "selector.parts",
                      "message": null,
                      "quantifier": "*",
                      "type": "tag",
                    },
                  ],
                  "type": "tag",
                },
              ],
            },
          ],
        },
      ],
      "type": "tag",
    },
    "predicate.push": Object {
      "aliasMap": Object {},
      "id": "predicate.push",
      "ident": "push",
      "parentId": "predicate",
      "quantifierMap": Object {},
      "selected": Array [
        Object {
          "intentions": Array [
            Object {
              "intent": "is",
              "selector": Array [
                Object {
                  "ident": "postfix",
                  "message": Array [
                    Object {
                      "ident": ">",
                      "message": null,
                      "type": "tag",
                    },
                    Object {
                      "ident": "selector.op.prec",
                      "message": null,
                      "quantifier": "?",
                      "type": "tag",
                    },
                    Object {
                      "ident": "opstack.top.prec",
                      "message": null,
                      "type": "tag",
                    },
                  ],
                  "type": "tag",
                },
              ],
            },
          ],
        },
      ],
      "type": "tag",
    },
  },
  "statements": Object {
    "&&": Object {
      "after": Array [],
      "before": Array [],
      "id": "&&",
      "ident": "&&",
      "is": Array [],
      "message": Object {},
      "type": "unresolved",
    },
    "=": Object {
      "after": Array [],
      "before": Array [],
      "id": "=",
      "ident": "=",
      "is": Array [],
      "message": Object {},
      "type": "unresolved",
    },
    ">": Object {
      "after": Array [],
      "before": Array [],
      "id": ">",
      "ident": ">",
      "is": Array [],
      "message": Object {},
      "type": "unresolved",
    },
    "arg": Object {
      "after": Array [],
      "before": Array [],
      "id": "arg",
      "ident": "arg",
      "is": Array [],
      "message": Object {},
      "type": "unresolved",
    },
    "call": Object {
      "after": Array [],
      "before": Array [],
      "id": "call",
      "ident": "call",
      "is": Array [],
      "message": Object {},
      "type": "unresolved",
    },
    "false": Object {
      "after": Array [],
      "before": Array [],
      "id": "false",
      "ident": "false",
      "is": Array [],
      "message": Object {},
      "type": "unresolved",
    },
    "opstack.pop": Object {
      "after": Array [],
      "before": Array [],
      "id": "opstack.pop",
      "ident": "opstack.pop",
      "is": Array [],
      "message": Object {},
      "type": "unresolved",
    },
    "opstack.top.prec": Object {
      "after": Array [],
      "before": Array [],
      "id": "opstack.top.prec",
      "ident": "opstack.top.prec",
      "is": Array [],
      "message": Object {},
      "type": "unresolved",
    },
    "postfix": undefined,
    "predicate": Object {
      "after": Array [],
      "before": Array [],
      "is": Array [],
      "message": Object {},
    },
    "predicate.op": Object {
      "after": Array [],
      "before": Array [],
      "id": "predicate.op",
      "ident": "predicate.op",
      "is": Array [],
      "message": Object {},
      "type": "unresolved",
    },
    "predicate.op.if": Object {
      "after": Array [],
      "before": Array [],
      "is": Array [],
      "message": Object {},
    },
    "predicate.op.postfix": Object {
      "after": Array [],
      "before": Array [],
      "is": Array [
        Object {
          "parts": Array [
            Object {
              "id": "predicate.op.postfix",
              "selector": 1,
              "type": "literal",
            },
          ],
          "temporal": true,
        },
      ],
      "message": Object {},
    },
    "predicate.op.prec": Object {
      "after": Array [],
      "before": Array [],
      "is": Array [
        Object {
          "parts": Array [
            Object {
              "id": "predicate.op.prec",
              "selector": 2,
              "type": "literal",
            },
          ],
        },
      ],
      "message": Object {},
    },
    "predicate.opstack": Object {
      "after": Array [],
      "before": Array [],
      "is": Array [
        Object {
          "parts": Array [
            Object {
              "id": "predicate.opstack",
              "selector": "op",
              "type": "bind",
            },
          ],
        },
        Object {
          "parts": Array [
            Object {
              "id": "predicate.opstack",
              "selector": "predicate.op",
              "type": "unresolved",
            },
          ],
          "temporal": true,
        },
      ],
      "message": Object {
        "2": Array [
          Object {
            "arg": 1,
            "id": "=",
            "type": "unresolved",
          },
          Object {
            "arg": 1,
            "id": "predicate.push",
            "type": "tag",
          },
          Object {
            "arg": 1,
            "id": "true",
            "type": "unresolved",
          },
          Object {
            "argCount": 3,
            "id": "postfix",
            "type": "call-message",
          },
          Object {
            "id": "predicate.opstack",
            "temporalIdx": 1,
            "type": "temporal-after",
          },
        ],
      },
      "quantifier": "*",
    },
    "predicate.parts": Object {
      "after": Array [],
      "before": Array [],
      "is": Array [
        Object {
          "parts": Array [
            Object {
              "id": "predicate.parts",
              "selector": "arg",
              "type": "unresolved",
            },
          ],
        },
        Object {
          "parts": Array [
            Object {
              "argCount": 0,
              "id": "predicate.parts",
              "selector": "opstack.pop",
              "type": "apply-message",
            },
          ],
          "temporal": true,
        },
      ],
      "message": Object {
        "2": Array [
          Object {
            "arg": 1,
            "id": "=",
            "type": "unresolved",
          },
          Object {
            "arg": 1,
            "id": "predicate.push",
            "type": "tag",
          },
          Object {
            "arg": 1,
            "id": "false",
            "type": "unresolved",
          },
          Object {
            "arg": 1,
            "id": "&&",
            "type": "unresolved",
          },
          Object {
            "arg": 1,
            "id": "opstack.pop",
            "type": "unresolved",
          },
          Object {
            "arg": 1,
            "id": "call",
            "type": "unresolved",
          },
          Object {
            "argCount": 6,
            "id": "postfix",
            "type": "call-message",
          },
          Object {
            "id": "predicate.parts",
            "temporalIdx": 1,
            "type": "temporal-after",
          },
        ],
      },
      "quantifier": "+",
    },
    "predicate.predicate": Object {
      "after": Array [],
      "before": Array [],
      "is": Array [
        Object {
          "parts": Array [
            Object {
              "arg": 1,
              "id": "predicate.parts",
              "type": "tag",
            },
            Object {
              "arg": 1,
              "id": "selector.parts",
              "type": "unresolved",
            },
            Object {
              "argCount": 2,
              "id": "predicate.predicate",
              "selector": "postfix",
              "type": "apply-message",
            },
          ],
        },
      ],
      "message": Object {},
    },
    "predicate.push": Object {
      "after": Array [
        Object {
          "id": "predicate.opstack",
          "temporalIdx": 2,
          "type": "temporal",
        },
        Object {
          "id": "predicate.parts",
          "temporalIdx": 2,
          "type": "temporal",
        },
      ],
      "before": Array [],
      "is": Array [
        Object {
          "parts": Array [
            Object {
              "arg": 1,
              "id": ">",
              "type": "unresolved",
            },
            Object {
              "arg": 1,
              "id": "selector.op.prec",
              "type": "unresolved",
            },
            Object {
              "arg": 1,
              "id": "opstack.top.prec",
              "type": "unresolved",
            },
            Object {
              "argCount": 3,
              "id": "predicate.push",
              "selector": "postfix",
              "type": "apply-message",
            },
          ],
        },
      ],
      "message": Object {},
    },
    "selector.op.prec": Object {
      "after": Array [],
      "before": Array [],
      "id": "selector.op.prec",
      "ident": "selector.op.prec",
      "is": Array [],
      "message": Object {},
      "type": "unresolved",
    },
    "selector.parts": Object {
      "after": Array [],
      "before": Array [],
      "id": "selector.parts",
      "ident": "selector.parts",
      "is": Array [],
      "message": Object {},
      "type": "unresolved",
    },
    "true": Object {
      "after": Array [],
      "before": Array [],
      "id": "true",
      "ident": "true",
      "is": Array [],
      "message": Object {},
      "type": "unresolved",
    },
  },
}
`;
